22:35:38 **** Incremental Build of configuration Debug for project timer_blinky ****
Info: Internal Builder is used for build
arm-atollic-eabi-gcc -c -mthumb -mcpu=cortex-m4 -mfloat-abi=hard -mfpu=fpv4-sp-d16 -std=gnu11 -D__weak=__attribute__((weak)) -D__packed=__attribute__((__packed__)) -DUSE_HAL_DRIVER -DSTM32L475xx -I../Inc -I../Drivers/STM32L4xx_HAL_Driver/Inc -I../Drivers/STM32L4xx_HAL_Driver/Inc/Legacy -I../Drivers/CMSIS/Device/ST/STM32L4xx/Include -I../Drivers/CMSIS/Include -IC:\Users\teacher\src\STM32_IoT_NodeKit\timer_blinky\BSP\B-L475E-IOT01 -IC:\Users\teacher\src\STM32_IoT_NodeKit\timer_blinky\BSP\Components\Common -Os -ffunction-sections -fdata-sections -g -fstack-usage -Wall -specs=nano.specs -o Src\main.o ..\Src\main.c 
arm-atollic-eabi-gcc -o timer_blinky.elf BSP\B-L475E-IOT01\stm32l475e_iot01.o BSP\B-L475E-IOT01\stm32l475e_iot01_accelero.o BSP\B-L475E-IOT01\stm32l475e_iot01_gyro.o BSP\B-L475E-IOT01\stm32l475e_iot01_hsensor.o BSP\B-L475E-IOT01\stm32l475e_iot01_magneto.o BSP\B-L475E-IOT01\stm32l475e_iot01_psensor.o BSP\B-L475E-IOT01\stm32l475e_iot01_qspi.o BSP\B-L475E-IOT01\stm32l475e_iot01_tsensor.o BSP\B-L475E-IOT01\syscalls.o Drivers\STM32L4xx_HAL_Driver\Src\stm32l4xx_hal.o Drivers\STM32L4xx_HAL_Driver\Src\stm32l4xx_hal_cortex.o Drivers\STM32L4xx_HAL_Driver\Src\stm32l4xx_hal_dfsdm.o Drivers\STM32L4xx_HAL_Driver\Src\stm32l4xx_hal_dma.o Drivers\STM32L4xx_HAL_Driver\Src\stm32l4xx_hal_dma_ex.o Drivers\STM32L4xx_HAL_Driver\Src\stm32l4xx_hal_flash.o Drivers\STM32L4xx_HAL_Driver\Src\stm32l4xx_hal_flash_ex.o Drivers\STM32L4xx_HAL_Driver\Src\stm32l4xx_hal_flash_ramfunc.o Drivers\STM32L4xx_HAL_Driver\Src\stm32l4xx_hal_gpio.o Drivers\STM32L4xx_HAL_Driver\Src\stm32l4xx_hal_i2c.o Drivers\STM32L4xx_HAL_Driver\Src\stm32l4xx_hal_i2c_ex.o Drivers\STM32L4xx_HAL_Driver\Src\stm32l4xx_hal_pcd.o Drivers\STM32L4xx_HAL_Driver\Src\stm32l4xx_hal_pcd_ex.o Drivers\STM32L4xx_HAL_Driver\Src\stm32l4xx_hal_pwr.o Drivers\STM32L4xx_HAL_Driver\Src\stm32l4xx_hal_pwr_ex.o Drivers\STM32L4xx_HAL_Driver\Src\stm32l4xx_hal_qspi.o Drivers\STM32L4xx_HAL_Driver\Src\stm32l4xx_hal_rcc.o Drivers\STM32L4xx_HAL_Driver\Src\stm32l4xx_hal_rcc_ex.o Drivers\STM32L4xx_HAL_Driver\Src\stm32l4xx_hal_spi.o Drivers\STM32L4xx_HAL_Driver\Src\stm32l4xx_hal_spi_ex.o Drivers\STM32L4xx_HAL_Driver\Src\stm32l4xx_hal_tim.o Drivers\STM32L4xx_HAL_Driver\Src\stm32l4xx_hal_tim_ex.o Drivers\STM32L4xx_HAL_Driver\Src\stm32l4xx_hal_uart.o Drivers\STM32L4xx_HAL_Driver\Src\stm32l4xx_hal_uart_ex.o Drivers\STM32L4xx_HAL_Driver\Src\stm32l4xx_ll_usb.o Src\main.o Src\stm32l4xx_hal_msp.o Src\stm32l4xx_it.o Src\system_stm32l4xx.o startup\startup_stm32l475xx.o -mthumb -mcpu=cortex-m4 -mfloat-abi=hard -mfpu=fpv4-sp-d16 -T../STM32L475VG_FLASH.ld -specs=nosys.specs -static -Wl,-Map=timer_blinky.map -Wl,--gc-sections -Wl,--defsym=malloc_getpagesize_P=0x80 -Wl,--start-group -lc -lm -Wl,--end-group -specs=nano.specs 
C:\Program Files (x86)\Atollic\TrueSTUDIO for STM32 9.0.0\ide\jre\bin\java -jar C:\Program Files (x86)\Atollic\TrueSTUDIO for STM32 9.0.0\Tools\arm-atollic-reports.jar sizeinfo list timer_blinky.elf 
Generate build reports...
Print size information
   text	   data	    bss	    dec	    hex	filename
  12292	     16	   3184	  15492	   3c84	timer_blinky.elf
Print size information done
Generate listing file
Output sent to: timer_blinky.list
Generate listing file done
Generate build reports done
Info: Nothing to build for timer_blinky
